// Jest Snapshot v1, https://goo.gl/fbAQLP

exports[`CONTROL should match the snapshot 1`] = `
ShallowWrapper {
  "length": 1,
  Symbol(enzyme.__root__): [Circular],
  Symbol(enzyme.__unrendered__): <Control
    history={
        Object {
            "push": [Function],
          }
    }
    markets={[Function]}
    marketsArray={Array []}
    zipMarketsArray={Array []}
/>,
  Symbol(enzyme.__renderer__): Object {
    "batchedUpdates": [Function],
    "getNode": [Function],
    "render": [Function],
    "simulateEvent": [Function],
    "unmount": [Function],
  },
  Symbol(enzyme.__node__): Object {
    "instance": null,
    "key": undefined,
    "nodeType": "host",
    "props": Object {
      "children": Array [
        <Connect(User) />,
        <Link
          replace={false}
          to="/market-list/current"
>
          <button
                    onClick={[Function]}
          >
                    Search by Current Location
          </button>
</Link>,
        <h4>
          Search for Farmers Markets near you by entering your zip code below or choosing to find markets close to your current location
</h4>,
        <form
          className="form"
          onSubmit={[Function]}
>
          <label
                    htmlFor="zip"
          />
          <input
                    className="zip"
                    id="zip"
                    maxLength="5"
                    name="zip"
                    onChange={[Function]}
                    placeholder="ZIP"
                    type="number"
                    value=""
          />
          <input
                    className="submit"
                    type="submit"
                    value="Search by ZIP"
          />
</form>,
      ],
      "className": "control",
    },
    "ref": null,
    "rendered": Array [
      Object {
        "instance": null,
        "key": undefined,
        "nodeType": "class",
        "props": Object {},
        "ref": null,
        "rendered": null,
        "type": [Function],
      },
      Object {
        "instance": null,
        "key": undefined,
        "nodeType": "class",
        "props": Object {
          "children": <button
            onClick={[Function]}
>
            Search by Current Location
</button>,
          "replace": false,
          "to": "/market-list/current",
        },
        "ref": null,
        "rendered": Object {
          "instance": null,
          "key": undefined,
          "nodeType": "host",
          "props": Object {
            "children": "Search by Current Location",
            "onClick": [Function],
          },
          "ref": null,
          "rendered": "Search by Current Location",
          "type": "button",
        },
        "type": [Function],
      },
      Object {
        "instance": null,
        "key": undefined,
        "nodeType": "host",
        "props": Object {
          "children": "Search for Farmers Markets near you by entering your zip code below or choosing to find markets close to your current location",
        },
        "ref": null,
        "rendered": "Search for Farmers Markets near you by entering your zip code below or choosing to find markets close to your current location",
        "type": "h4",
      },
      Object {
        "instance": null,
        "key": undefined,
        "nodeType": "host",
        "props": Object {
          "children": Array [
            <label
              htmlFor="zip"
/>,
            <input
              className="zip"
              id="zip"
              maxLength="5"
              name="zip"
              onChange={[Function]}
              placeholder="ZIP"
              type="number"
              value=""
/>,
            <input
              className="submit"
              type="submit"
              value="Search by ZIP"
/>,
          ],
          "className": "form",
          "onSubmit": [Function],
        },
        "ref": null,
        "rendered": Array [
          Object {
            "instance": null,
            "key": undefined,
            "nodeType": "host",
            "props": Object {
              "htmlFor": "zip",
            },
            "ref": null,
            "rendered": null,
            "type": "label",
          },
          Object {
            "instance": null,
            "key": undefined,
            "nodeType": "host",
            "props": Object {
              "className": "zip",
              "id": "zip",
              "maxLength": "5",
              "name": "zip",
              "onChange": [Function],
              "placeholder": "ZIP",
              "type": "number",
              "value": "",
            },
            "ref": null,
            "rendered": null,
            "type": "input",
          },
          Object {
            "instance": null,
            "key": undefined,
            "nodeType": "host",
            "props": Object {
              "className": "submit",
              "type": "submit",
              "value": "Search by ZIP",
            },
            "ref": null,
            "rendered": null,
            "type": "input",
          },
        ],
        "type": "form",
      },
    ],
    "type": "section",
  },
  Symbol(enzyme.__nodes__): Array [
    Object {
      "instance": null,
      "key": undefined,
      "nodeType": "host",
      "props": Object {
        "children": Array [
          <Connect(User) />,
          <Link
            replace={false}
            to="/market-list/current"
>
            <button
                        onClick={[Function]}
            >
                        Search by Current Location
            </button>
</Link>,
          <h4>
            Search for Farmers Markets near you by entering your zip code below or choosing to find markets close to your current location
</h4>,
          <form
            className="form"
            onSubmit={[Function]}
>
            <label
                        htmlFor="zip"
            />
            <input
                        className="zip"
                        id="zip"
                        maxLength="5"
                        name="zip"
                        onChange={[Function]}
                        placeholder="ZIP"
                        type="number"
                        value=""
            />
            <input
                        className="submit"
                        type="submit"
                        value="Search by ZIP"
            />
</form>,
        ],
        "className": "control",
      },
      "ref": null,
      "rendered": Array [
        Object {
          "instance": null,
          "key": undefined,
          "nodeType": "class",
          "props": Object {},
          "ref": null,
          "rendered": null,
          "type": [Function],
        },
        Object {
          "instance": null,
          "key": undefined,
          "nodeType": "class",
          "props": Object {
            "children": <button
              onClick={[Function]}
>
              Search by Current Location
</button>,
            "replace": false,
            "to": "/market-list/current",
          },
          "ref": null,
          "rendered": Object {
            "instance": null,
            "key": undefined,
            "nodeType": "host",
            "props": Object {
              "children": "Search by Current Location",
              "onClick": [Function],
            },
            "ref": null,
            "rendered": "Search by Current Location",
            "type": "button",
          },
          "type": [Function],
        },
        Object {
          "instance": null,
          "key": undefined,
          "nodeType": "host",
          "props": Object {
            "children": "Search for Farmers Markets near you by entering your zip code below or choosing to find markets close to your current location",
          },
          "ref": null,
          "rendered": "Search for Farmers Markets near you by entering your zip code below or choosing to find markets close to your current location",
          "type": "h4",
        },
        Object {
          "instance": null,
          "key": undefined,
          "nodeType": "host",
          "props": Object {
            "children": Array [
              <label
                htmlFor="zip"
/>,
              <input
                className="zip"
                id="zip"
                maxLength="5"
                name="zip"
                onChange={[Function]}
                placeholder="ZIP"
                type="number"
                value=""
/>,
              <input
                className="submit"
                type="submit"
                value="Search by ZIP"
/>,
            ],
            "className": "form",
            "onSubmit": [Function],
          },
          "ref": null,
          "rendered": Array [
            Object {
              "instance": null,
              "key": undefined,
              "nodeType": "host",
              "props": Object {
                "htmlFor": "zip",
              },
              "ref": null,
              "rendered": null,
              "type": "label",
            },
            Object {
              "instance": null,
              "key": undefined,
              "nodeType": "host",
              "props": Object {
                "className": "zip",
                "id": "zip",
                "maxLength": "5",
                "name": "zip",
                "onChange": [Function],
                "placeholder": "ZIP",
                "type": "number",
                "value": "",
              },
              "ref": null,
              "rendered": null,
              "type": "input",
            },
            Object {
              "instance": null,
              "key": undefined,
              "nodeType": "host",
              "props": Object {
                "className": "submit",
                "type": "submit",
                "value": "Search by ZIP",
              },
              "ref": null,
              "rendered": null,
              "type": "input",
            },
          ],
          "type": "form",
        },
      ],
      "type": "section",
    },
  ],
  Symbol(enzyme.__options__): Object {
    "adapter": ReactSixteenAdapter {
      "options": Object {
        "enableComponentDidUpdateOnSetState": true,
      },
    },
  },
}
`;
