// Jest Snapshot v1, https://goo.gl/fbAQLP

exports[`USER should match snapshot 1`] = `
ShallowWrapper {
  "length": 1,
  Symbol(enzyme.__root__): [Circular],
  Symbol(enzyme.__unrendered__): <User
    history={Object {}}
    logOutUser={[Function]}
    loginUser={[Function]}
    updateUser={[Function]}
    user={Object {}}
/>,
  Symbol(enzyme.__renderer__): Object {
    "batchedUpdates": [Function],
    "getNode": [Function],
    "render": [Function],
    "simulateEvent": [Function],
    "unmount": [Function],
  },
  Symbol(enzyme.__node__): Object {
    "instance": null,
    "key": undefined,
    "nodeType": "host",
    "props": Object {
      "children": <div
        className="user"
>
        <h4>
                Login
        </h4>
        <form
                onSubmit={[Function]}
        >
                <label
                        htmlFor="name"
                />
                <input
                        id="name"
                        name="name"
                        onChange={[Function]}
                        placeholder="Name"
                        type="text"
                        value=""
                />
                <label
                        htmlFor="password"
                />
                <input
                        id="password"
                        name="password"
                        onChange={[Function]}
                        placeholder="Password"
                        type="password"
                        value=""
                />
                <label
                        htmlFor="submit"
                />
                <input
                        id="submit"
                        type="submit"
                        value="Submit"
                />
                <label
                        htmlFor="create-acct"
                />
                <input
                        id="create-acct"
                        onClick={[Function]}
                        type="submit"
                        value="Create Account"
                />
        </form>
</div>,
    },
    "ref": null,
    "rendered": Object {
      "instance": null,
      "key": undefined,
      "nodeType": "host",
      "props": Object {
        "children": Array [
          <h4>
            Login
</h4>,
          <form
            onSubmit={[Function]}
>
            <label
                        htmlFor="name"
            />
            <input
                        id="name"
                        name="name"
                        onChange={[Function]}
                        placeholder="Name"
                        type="text"
                        value=""
            />
            <label
                        htmlFor="password"
            />
            <input
                        id="password"
                        name="password"
                        onChange={[Function]}
                        placeholder="Password"
                        type="password"
                        value=""
            />
            <label
                        htmlFor="submit"
            />
            <input
                        id="submit"
                        type="submit"
                        value="Submit"
            />
            <label
                        htmlFor="create-acct"
            />
            <input
                        id="create-acct"
                        onClick={[Function]}
                        type="submit"
                        value="Create Account"
            />
</form>,
        ],
        "className": "user",
      },
      "ref": null,
      "rendered": Array [
        Object {
          "instance": null,
          "key": undefined,
          "nodeType": "host",
          "props": Object {
            "children": "Login",
          },
          "ref": null,
          "rendered": "Login",
          "type": "h4",
        },
        Object {
          "instance": null,
          "key": undefined,
          "nodeType": "host",
          "props": Object {
            "children": Array [
              <label
                htmlFor="name"
/>,
              <input
                id="name"
                name="name"
                onChange={[Function]}
                placeholder="Name"
                type="text"
                value=""
/>,
              <label
                htmlFor="password"
/>,
              <input
                id="password"
                name="password"
                onChange={[Function]}
                placeholder="Password"
                type="password"
                value=""
/>,
              <label
                htmlFor="submit"
/>,
              <input
                id="submit"
                type="submit"
                value="Submit"
/>,
              <label
                htmlFor="create-acct"
/>,
              <input
                id="create-acct"
                onClick={[Function]}
                type="submit"
                value="Create Account"
/>,
            ],
            "onSubmit": [Function],
          },
          "ref": null,
          "rendered": Array [
            Object {
              "instance": null,
              "key": undefined,
              "nodeType": "host",
              "props": Object {
                "htmlFor": "name",
              },
              "ref": null,
              "rendered": null,
              "type": "label",
            },
            Object {
              "instance": null,
              "key": undefined,
              "nodeType": "host",
              "props": Object {
                "id": "name",
                "name": "name",
                "onChange": [Function],
                "placeholder": "Name",
                "type": "text",
                "value": "",
              },
              "ref": null,
              "rendered": null,
              "type": "input",
            },
            Object {
              "instance": null,
              "key": undefined,
              "nodeType": "host",
              "props": Object {
                "htmlFor": "password",
              },
              "ref": null,
              "rendered": null,
              "type": "label",
            },
            Object {
              "instance": null,
              "key": undefined,
              "nodeType": "host",
              "props": Object {
                "id": "password",
                "name": "password",
                "onChange": [Function],
                "placeholder": "Password",
                "type": "password",
                "value": "",
              },
              "ref": null,
              "rendered": null,
              "type": "input",
            },
            Object {
              "instance": null,
              "key": undefined,
              "nodeType": "host",
              "props": Object {
                "htmlFor": "submit",
              },
              "ref": null,
              "rendered": null,
              "type": "label",
            },
            Object {
              "instance": null,
              "key": undefined,
              "nodeType": "host",
              "props": Object {
                "id": "submit",
                "type": "submit",
                "value": "Submit",
              },
              "ref": null,
              "rendered": null,
              "type": "input",
            },
            Object {
              "instance": null,
              "key": undefined,
              "nodeType": "host",
              "props": Object {
                "htmlFor": "create-acct",
              },
              "ref": null,
              "rendered": null,
              "type": "label",
            },
            Object {
              "instance": null,
              "key": undefined,
              "nodeType": "host",
              "props": Object {
                "id": "create-acct",
                "onClick": [Function],
                "type": "submit",
                "value": "Create Account",
              },
              "ref": null,
              "rendered": null,
              "type": "input",
            },
          ],
          "type": "form",
        },
      ],
      "type": "div",
    },
    "type": "div",
  },
  Symbol(enzyme.__nodes__): Array [
    Object {
      "instance": null,
      "key": undefined,
      "nodeType": "host",
      "props": Object {
        "children": <div
          className="user"
>
          <h4>
                    Login
          </h4>
          <form
                    onSubmit={[Function]}
          >
                    <label
                              htmlFor="name"
                    />
                    <input
                              id="name"
                              name="name"
                              onChange={[Function]}
                              placeholder="Name"
                              type="text"
                              value=""
                    />
                    <label
                              htmlFor="password"
                    />
                    <input
                              id="password"
                              name="password"
                              onChange={[Function]}
                              placeholder="Password"
                              type="password"
                              value=""
                    />
                    <label
                              htmlFor="submit"
                    />
                    <input
                              id="submit"
                              type="submit"
                              value="Submit"
                    />
                    <label
                              htmlFor="create-acct"
                    />
                    <input
                              id="create-acct"
                              onClick={[Function]}
                              type="submit"
                              value="Create Account"
                    />
          </form>
</div>,
      },
      "ref": null,
      "rendered": Object {
        "instance": null,
        "key": undefined,
        "nodeType": "host",
        "props": Object {
          "children": Array [
            <h4>
              Login
</h4>,
            <form
              onSubmit={[Function]}
>
              <label
                            htmlFor="name"
              />
              <input
                            id="name"
                            name="name"
                            onChange={[Function]}
                            placeholder="Name"
                            type="text"
                            value=""
              />
              <label
                            htmlFor="password"
              />
              <input
                            id="password"
                            name="password"
                            onChange={[Function]}
                            placeholder="Password"
                            type="password"
                            value=""
              />
              <label
                            htmlFor="submit"
              />
              <input
                            id="submit"
                            type="submit"
                            value="Submit"
              />
              <label
                            htmlFor="create-acct"
              />
              <input
                            id="create-acct"
                            onClick={[Function]}
                            type="submit"
                            value="Create Account"
              />
</form>,
          ],
          "className": "user",
        },
        "ref": null,
        "rendered": Array [
          Object {
            "instance": null,
            "key": undefined,
            "nodeType": "host",
            "props": Object {
              "children": "Login",
            },
            "ref": null,
            "rendered": "Login",
            "type": "h4",
          },
          Object {
            "instance": null,
            "key": undefined,
            "nodeType": "host",
            "props": Object {
              "children": Array [
                <label
                  htmlFor="name"
/>,
                <input
                  id="name"
                  name="name"
                  onChange={[Function]}
                  placeholder="Name"
                  type="text"
                  value=""
/>,
                <label
                  htmlFor="password"
/>,
                <input
                  id="password"
                  name="password"
                  onChange={[Function]}
                  placeholder="Password"
                  type="password"
                  value=""
/>,
                <label
                  htmlFor="submit"
/>,
                <input
                  id="submit"
                  type="submit"
                  value="Submit"
/>,
                <label
                  htmlFor="create-acct"
/>,
                <input
                  id="create-acct"
                  onClick={[Function]}
                  type="submit"
                  value="Create Account"
/>,
              ],
              "onSubmit": [Function],
            },
            "ref": null,
            "rendered": Array [
              Object {
                "instance": null,
                "key": undefined,
                "nodeType": "host",
                "props": Object {
                  "htmlFor": "name",
                },
                "ref": null,
                "rendered": null,
                "type": "label",
              },
              Object {
                "instance": null,
                "key": undefined,
                "nodeType": "host",
                "props": Object {
                  "id": "name",
                  "name": "name",
                  "onChange": [Function],
                  "placeholder": "Name",
                  "type": "text",
                  "value": "",
                },
                "ref": null,
                "rendered": null,
                "type": "input",
              },
              Object {
                "instance": null,
                "key": undefined,
                "nodeType": "host",
                "props": Object {
                  "htmlFor": "password",
                },
                "ref": null,
                "rendered": null,
                "type": "label",
              },
              Object {
                "instance": null,
                "key": undefined,
                "nodeType": "host",
                "props": Object {
                  "id": "password",
                  "name": "password",
                  "onChange": [Function],
                  "placeholder": "Password",
                  "type": "password",
                  "value": "",
                },
                "ref": null,
                "rendered": null,
                "type": "input",
              },
              Object {
                "instance": null,
                "key": undefined,
                "nodeType": "host",
                "props": Object {
                  "htmlFor": "submit",
                },
                "ref": null,
                "rendered": null,
                "type": "label",
              },
              Object {
                "instance": null,
                "key": undefined,
                "nodeType": "host",
                "props": Object {
                  "id": "submit",
                  "type": "submit",
                  "value": "Submit",
                },
                "ref": null,
                "rendered": null,
                "type": "input",
              },
              Object {
                "instance": null,
                "key": undefined,
                "nodeType": "host",
                "props": Object {
                  "htmlFor": "create-acct",
                },
                "ref": null,
                "rendered": null,
                "type": "label",
              },
              Object {
                "instance": null,
                "key": undefined,
                "nodeType": "host",
                "props": Object {
                  "id": "create-acct",
                  "onClick": [Function],
                  "type": "submit",
                  "value": "Create Account",
                },
                "ref": null,
                "rendered": null,
                "type": "input",
              },
            ],
            "type": "form",
          },
        ],
        "type": "div",
      },
      "type": "div",
    },
  ],
  Symbol(enzyme.__options__): Object {
    "adapter": ReactSixteenAdapter {
      "options": Object {
        "enableComponentDidUpdateOnSetState": true,
      },
    },
  },
}
`;
